<html>
<body>
<pre>
<h1>µVision Build Log</h1>
<h2>Tool Versions:</h2>
IDE-Version: µVision V5.29.0.0
Copyright (C) 2019 ARM Ltd and ARM Germany GmbH. All rights reserved.
License Information: Pablo Landriz, University of California, Santa Barbara, LIC=----
 
Tool Versions:
Toolchain:       MDK-Lite  Version: 5.29.0.0
Toolchain Path:  C:\Keil_v5\ARM\ARMCC\Bin
C Compiler:      Armcc.exe V5.06 update 6 (build 750)
Assembler:       Armasm.exe V5.06 update 6 (build 750)
Linker/Locator:  ArmLink.exe V5.06 update 6 (build 750)
Library Manager: ArmAr.exe V5.06 update 6 (build 750)
Hex Converter:   FromElf.exe V5.06 update 6 (build 750)
CPU DLL:         SARMCM3.DLL V5.29.0.0
Dialog DLL:      DCM.DLL V1.17.3.0
Target DLL:      STLink\ST-LINKIII-KEIL_SWO.dll V3.0.7.0
Dialog DLL:      TCM.DLL V1.36.5.0
 
<h2>Project:</h2>
C:\Users\andrewberry\Documents\GitHub\pethydrationstation_microcontroller_coding\pethydrationstation.uvprojx
Project File Date:  03/06/2020

<h2>Output:</h2>
*** Using Compiler 'V5.06 update 6 (build 750)', folder: 'C:\Keil_v5\ARM\ARMCC\Bin'
Build target 'Target 1'
compiling main.c...
Coding Files\main.c(92): warning:  #223-D: function "printf" declared implicitly
  	printf("TEST\n");
Coding Files\main.c(129): warning:  #111-D: statement is unreachable
  	return 0;
Coding Files\main.c(94): warning:  #177-D: variable "i"  was declared but never referenced
  	int i;
Coding Files\main.c(95): warning:  #177-D: variable "message"  was declared but never referenced
  	char message[6];
Coding Files\main.c(96): warning:  #177-D: variable "SlaveAddress"  was declared but never referenced
  	uint8_t SlaveAddress = 0x36 << 1; // Address of the slave sensor I2C
Coding Files\main.c(97): warning:  #177-D: variable "SEESAW_TOUCH_BASE"  was declared but never referenced
  	uint8_t SEESAW_TOUCH_BASE = 0x0F;
Coding Files\main.c(98): warning:  #177-D: variable "SEESAW_TOUCH_CHANNEL_OFFSET"  was declared but never referenced
  	uint8_t SEESAW_TOUCH_CHANNEL_OFFSET = 0x10;
Coding Files\main.c: 7 warnings, 0 errors
linking...
Program Size: Code=3332 RO-data=424 RW-data=8 ZI-data=1632  
FromELF: creating hex file...
".\Objects\pethydrationstation.axf" - 0 Error(s), 7 Warning(s).

<h2>Software Packages used:</h2>

Package Vendor: ARM
                http://www.keil.com/pack/ARM.CMSIS.5.6.0.pack
                ARM.CMSIS.5.6.0
                CMSIS (Cortex Microcontroller Software Interface Standard)
   * Component: CORE Version: 5.3.0

Package Vendor: Keil
                https://www.keil.com/pack/Keil.STM32L4xx_DFP.2.3.0.pack
                Keil.STM32L4xx_DFP.2.3.0
                STMicroelectronics STM32L4 Series Device Support, Drivers and Examples

<h2>Collection of Component include folders:</h2>
  .\RTE\_Target_1
  C:\Keil_v5\Packs\ARM\CMSIS\5.6.0\CMSIS\Core\Include
  C:\Keil_v5\Packs\Keil\STM32L4xx_DFP\2.3.0\Drivers\CMSIS\Device\ST\STM32L4xx\Include

<h2>Collection of Component Files used:</h2>

   * Component: ARM::CMSIS:CORE:5.3.0
Build Time Elapsed:  00:00:00
</pre>
</body>
</html>
